<html>
<body>
<pre>
<h1>µVision Build Log</h1>
<h2>Tool Versions:</h2>
IDE-Version: µVision V5.28.0.0
Copyright (C) 2019 ARM Ltd and ARM Germany GmbH. All rights reserved.
License Information: lee can canlv, abc, LIC=76FX7-EXVV6-UGT7Q-NQRBZ-WJZCU-AR64C
 
Tool Versions:
Toolchain:       MDK-ARM Plus  Version: 5.28.0.0
Toolchain Path:  C:\Keil_v5\ARM\ARMCC\Bin
C Compiler:      Armcc.exe V5.06 update 6 (build 750)
Assembler:       Armasm.exe V5.06 update 6 (build 750)
Linker/Locator:  ArmLink.exe V5.06 update 6 (build 750)
Library Manager: ArmAr.exe V5.06 update 6 (build 750)
Hex Converter:   FromElf.exe V5.06 update 6 (build 750)
CPU DLL:         SARMCM3.DLL V5.28.0.0
Dialog DLL:      DCM.DLL V1.17.3.0
Target DLL:      STLink\ST-LINKIII-KEIL_SWO.dll V3.0.6.0
Dialog DLL:      TCM.DLL V1.36.2.0
 
<h2>Project:</h2>
C:\Users\canlv\Documents\test-FreeRtos\MDK-ARM\test-FreeRtos.uvprojx
Project File Date:  09/25/2019

<h2>Output:</h2>
*** Using Compiler 'V5.06 update 6 (build 750)', folder: 'C:\Keil_v5\ARM\ARMCC\Bin'
Rebuild target 'test-FreeRtos'
assembling startup_stm32f411xe.s...
compiling main.c...
../Src/main.c(337): warning:  #1035-D: single-precision operand implicitly converted to double-precision
  		Xaxis_g = ((float) Xaxis * LSM303_ACC_RESOLUTION) / (float) INT16_MAX;
../Src/main.c(338): warning:  #1035-D: single-precision operand implicitly converted to double-precision
  		Yaxis_g = ((float) Yaxis * LSM303_ACC_RESOLUTION) / (float) INT16_MAX;
../Src/main.c(339): warning:  #1035-D: single-precision operand implicitly converted to double-precision
  		Zaxis_g = ((float) Zaxis * LSM303_ACC_RESOLUTION) / (float) INT16_MAX;
../Src/main.c(363): warning:  #1035-D: single-precision operand implicitly converted to double-precision
  		if (at < 0.7)
../Src/main.c(366): warning:  #1035-D: single-precision operand implicitly converted to double-precision
  		osDelay(500); } while (at > 0.7);
../Src/main.c: 5 warnings, 0 errors
compiling freertos.c...
compiling stm32f4xx_it.c...
compiling stm32f4xx_hal_msp.c...
compiling stm32f4xx_hal_timebase_tim.c...
compiling stm32f4xx_hal_i2c_ex.c...
compiling stm32f4xx_hal_i2c.c...
compiling stm32f4xx_hal_tim_ex.c...
compiling stm32f4xx_hal_rcc.c...
compiling stm32f4xx_hal_tim.c...
compiling stm32f4xx_hal_rcc_ex.c...
compiling stm32f4xx_hal_flash.c...
compiling stm32f4xx_hal_flash_ex.c...
compiling stm32f4xx_hal_flash_ramfunc.c...
compiling stm32f4xx_hal_gpio.c...
compiling stm32f4xx_hal_dma_ex.c...
compiling stm32f4xx_hal_dma.c...
compiling stm32f4xx_hal_pwr.c...
compiling stm32f4xx_hal_pwr_ex.c...
compiling stm32f4xx_hal.c...
compiling stm32f4xx_hal_cortex.c...
compiling croutine.c...
compiling event_groups.c...
compiling list.c...
compiling stm32f4xx_hal_exti.c...
compiling queue.c...
compiling stream_buffer.c...
compiling system_stm32f4xx.c...
compiling timers.c...
compiling tasks.c...
compiling heap_4.c...
compiling cmsis_os.c...
compiling port.c...
linking...
Program Size: Code=15460 RO-data=584 RW-data=164 ZI-data=17372  
FromELF: creating hex file...
"test-FreeRtos\test-FreeRtos.axf" - 0 Error(s), 5 Warning(s).

<h2>Software Packages used:</h2>

Package Vendor: ARM
                http://www.keil.com/pack/ARM.CMSIS.5.5.1.pack
                ARM.CMSIS.5.5.1
                CMSIS (Cortex Microcontroller Software Interface Standard)
   * Component: CORE Version: 5.2.0

Package Vendor: Keil
                http://www.keil.com/pack/Keil.STM32F4xx_DFP.2.13.0.pack
                Keil.STM32F4xx_DFP.2.13.0
                STMicroelectronics STM32F4 Series Device Support, Drivers and Examples

<h2>Collection of Component include folders:</h2>
  .\RTE\_test-FreeRtos
  C:\Keil_v5\ARM\PACK\ARM\CMSIS\5.5.1\CMSIS\Core\Include
  C:\Keil_v5\ARM\PACK\Keil\STM32F4xx_DFP\2.13.0\Drivers\CMSIS\Device\ST\STM32F4xx\Include

<h2>Collection of Component Files used:</h2>

   * Component: ARM::CMSIS:CORE:5.2.0
Build Time Elapsed:  00:00:45
</pre>
</body>
</html>
